// Jest Snapshot v1, https://goo.gl/fbAQLP

exports[`CreateOneResolver should generate graphql schema for CreateOneCompanyResolver 1`] = `
"type User {
  id: String!
  name: String!
}

type Company {
  id: String!
  name: String!
  description: String
  founder: User!
  ceo: User
  cto: User
}

type Mutation {
  createOneCompany(data: CompanyCreateInput): Company!
}

input CompanyCreateInput {
  name: String
  founder: UserConnectNestedOneWithoutCompanyInput
}

input UserConnectNestedOneWithoutCompanyInput {
  connect: ConnectRelationInput
}

input ConnectRelationInput {
  id: String!
}"
`;

exports[`CreateOneResolver should generate graphql schema for CreateOneGroupResolver 1`] = `
"type User {
  id: String!
  name: String!
}

type Group {
  id: String!
  name: String!
  description: String!
  founders: [User!]!
  coordinator: [User!]
  finance: [User!]
}

type Mutation {
  createOneGroup(data: GroupCreateInput): Group!
}

input GroupCreateInput {
  name: String
  description: String
  founders: UserConnectNestedManyWithoutGroupInput
}

input UserConnectNestedManyWithoutGroupInput {
  connect: [ConnectRelationInput!]
  disconnect: [EntityIdInput!]
}

input ConnectRelationInput {
  id: String!
}

input EntityIdInput {
  id: String!
}"
`;

exports[`CreateOneResolver should generate graphql schema for CreateOneUserResolver 1`] = `
"type User {
  id: String!
  name: String!
}

type Mutation {
  createOneUser(data: UserCreateInput): User!
}

input UserCreateInput {
  name: String
}"
`;
