// Jest Snapshot v1, https://goo.gl/fbAQLP

exports[`ObjectRelationResolver should generate relation resolvers graphql schema 1`] = `
"type User {
  id: String!
  name: String!
}

type Group {
  id: String!
  name: String!
  description: String!
  founders(where: UserWhereInput, orderBy: [UserOrderByInput!], skip: Int, take: Int): [User!]!
  coordinator(where: UserWhereInput, orderBy: [UserOrderByInput!], skip: Int, take: Int): [User!]
  finance(where: UserWhereInput, orderBy: [UserOrderByInput!], skip: Int, take: Int): [User!]
}

input UserWhereInput {
  AND: [UserWhereInput!]
  OR: [UserWhereInput!]
  NOT: [UserWhereInput!]
  id: StringFilter
  name: StringFilter
}

input StringFilter {
  equals: String
  in: [String!]
  nin: [String!]
  contains: String
  gt: String
  gte: String
  lt: String
  lte: String
  fulltext: String
  ne: String
  mode: SringQueryMode
}

enum SringQueryMode {
  default
  insensitive
}

input UserOrderByInput {
  id: SortOrder
  name: SortOrder
}

enum SortOrder {
  asc
  desc
}

type Company {
  id: String!
  name: String!
  description: String
  founder: User!
  ceo: User
  cto: User
}

type Query {
  group(where: EntityIdInput): Group
  company(where: EntityIdInput): Company
}

input EntityIdInput {
  id: String!
}"
`;
