// Jest Snapshot v1, https://goo.gl/fbAQLP

exports[`ObjectReferenceResolver should generate reference resolvers graphql schema 1`] = `
"type ReferenceId {
  id: String!
}

type Address {
  street: String!
}

type User {
  id: String!
  name: String!
  address: Address!
}

type Company {
  id: String!
  name: String!
  description: String
  founder: User!
  ceo: User
  cto: User
  founderId: ReferenceId!
  ceoId: ReferenceId
  ctoId: ReferenceId
}

type Group {
  id: String!
  name: String!
  description: String!
  founders: [User!]!
  coordinator: [User!]
  finance: [User!]
  foundersIds(where: UserWhereInput, orderBy: [UserOrderByInput!], skip: Int, take: Int): [ReferenceId!]!
  coordinatorIds(where: UserWhereInput, orderBy: [UserOrderByInput!], skip: Int, take: Int): [ReferenceId!]
  financeIds(where: UserWhereInput, orderBy: [UserOrderByInput!], skip: Int, take: Int): [ReferenceId!]
}

input UserWhereInput {
  AND: [UserWhereInput!]
  OR: [UserWhereInput!]
  NOT: [UserWhereInput!]
  id: StringFilter
  name: StringFilter
  address: AddressOneRelationFilter
}

input StringFilter {
  equals: String
  in: [String!]
  nin: [String!]
  contains: String
  gt: String
  gte: String
  lt: String
  lte: String
  fulltext: String
  ne: String
  mode: SringQueryMode
}

enum SringQueryMode {
  default
  insensitive
}

input AddressOneRelationFilter {
  AND: AddressWhereInput
  OR: AddressWhereInput
  NOT: AddressWhereInput
  street: StringFilter
}

input AddressWhereInput {
  AND: [AddressWhereInput!]
  OR: [AddressWhereInput!]
  NOT: [AddressWhereInput!]
  street: StringFilter
}

input UserOrderByInput {
  id: SortOrder
  name: SortOrder
  address: AddressOrderByInput
}

enum SortOrder {
  asc
  desc
}

input AddressOrderByInput {
  street: SortOrder
}

type Query {
  group(where: EntityIdInput): Group
  company(where: EntityIdInput): Company
}

input EntityIdInput {
  id: String
}"
`;
